[INFO] - [1] - [?] - [Executed DbCommand (10ms) [Parameters=[], CommandType='Text', CommandTimeout='30']
SELECT 1]
[INFO] - [1] - [?] - [Executed DbCommand (9ms) [Parameters=[], CommandType='Text', CommandTimeout='30']
SELECT OBJECT_ID(N'[__EFMigrationsHistory]');]
[INFO] - [1] - [?] - [Executed DbCommand (5ms) [Parameters=[], CommandType='Text', CommandTimeout='30']
SELECT [MigrationId], [ProductVersion]
FROM [__EFMigrationsHistory]
ORDER BY [MigrationId];]
[INFO] - [5] - [?] - [Executed DbCommand (25ms) [Parameters=[@__normalizedName_0='?' (Size = 256)], CommandType='Text', CommandTimeout='30']
SELECT TOP(1) [a].[Id], [a].[ConcurrencyStamp], [a].[Name], [a].[NormalizedName]
FROM [AspNetRoles] AS [a]
WHERE [a].[NormalizedName] = @__normalizedName_0]
[INFO] - [1] - [?] - [Now listening on: https://localhost:7266]
[INFO] - [1] - [?] - [Now listening on: http://localhost:5272]
[INFO] - [1] - [Microsoft.Extensions.Hosting.Internal.ConsoleLifetime.OnApplicationStarted(:0)] - [Application started. Press Ctrl+C to shut down.]
[INFO] - [1] - [Microsoft.Extensions.Hosting.Internal.ConsoleLifetime.OnApplicationStarted(:0)] - [Hosting environment: Development]
[INFO] - [1] - [System.Threading.CancellationTokenSource.Invoke(:0)] - [Content root path: C:\Users\OPL-PC\Desktop\SimpleBlog\SimpleBlog\SimpleBlog.Presentation]
[WARN] - [14] - [?] - [Compiling a query which loads related collections for more than one collection navigation, either via 'Include' or through projection, but no 'QuerySplittingBehavior' has been configured. By default, Entity Framework will use 'QuerySplittingBehavior.SingleQuery', which can potentially result in slow query performance. See https://go.microsoft.com/fwlink/?linkid=2134277 for more information. To identify the query that's triggering this warning call 'ConfigureWarnings(w => w.Throw(RelationalEventId.MultipleCollectionIncludeWarning))'.]
[INFO] - [14] - [?] - [Executed DbCommand (14ms) [Parameters=[@__p_0='?' (DbType = Int32), @__p_1='?' (DbType = Int32)], CommandType='Text', CommandTimeout='30']
SELECT [p0].[Id], [p0].[AppUserId], [p0].[Body], [p0].[CreatedAt], [p0].[PostStatus], [p0].[Title], [a].[Id], [c].[Id], [c].[AppUserId], [c].[PostId], [c].[Text], [c].[Time], [r].[Id], [r].[AppUserId], [r].[PostId], [r].[ReactType], [a].[AccessFailedCount], [a].[ConcurrencyStamp], [a].[Email], [a].[EmailConfirmed], [a].[LockoutEnabled], [a].[LockoutEnd], [a].[Name], [a].[NormalizedEmail], [a].[NormalizedUserName], [a].[PasswordHash], [a].[PhoneNumber], [a].[PhoneNumberConfirmed], [a].[Role], [a].[SecurityStamp], [a].[TwoFactorEnabled], [a].[UserName]
FROM (
    SELECT [p].[Id], [p].[AppUserId], [p].[Body], [p].[CreatedAt], [p].[PostStatus], [p].[Title]
    FROM [Posts] AS [p]
    WHERE [p].[PostStatus] = 10
    ORDER BY [p].[CreatedAt] DESC
    OFFSET @__p_0 ROWS FETCH NEXT @__p_1 ROWS ONLY
) AS [p0]
INNER JOIN [AspNetUsers] AS [a] ON [p0].[AppUserId] = [a].[Id]
LEFT JOIN [Comments] AS [c] ON [p0].[Id] = [c].[PostId]
LEFT JOIN [Reactions] AS [r] ON [p0].[Id] = [r].[PostId]
ORDER BY [p0].[CreatedAt] DESC, [p0].[Id], [a].[Id], [c].[Id]]
[INFO] - [14] - [?] - [Executed DbCommand (1ms) [Parameters=[], CommandType='Text', CommandTimeout='30']
SELECT COUNT(*)
FROM [Posts] AS [p]]
[INFO] - [14] - [SimpleBlog.Presentation.Areas.User.Controllers.HomeController.Index(C:\Users\OPL-PC\Desktop\SimpleBlog\SimpleBlog\SimpleBlog.Presentation\Areas\User\Controllers\HomeController.cs:38)] - [page loaded]
[INFO] - [1] - [?] - [Executed DbCommand (10ms) [Parameters=[], CommandType='Text', CommandTimeout='30']
SELECT 1]
[INFO] - [1] - [?] - [Executed DbCommand (8ms) [Parameters=[], CommandType='Text', CommandTimeout='30']
SELECT OBJECT_ID(N'[__EFMigrationsHistory]');]
[INFO] - [1] - [?] - [Executed DbCommand (5ms) [Parameters=[], CommandType='Text', CommandTimeout='30']
SELECT [MigrationId], [ProductVersion]
FROM [__EFMigrationsHistory]
ORDER BY [MigrationId];]
[INFO] - [5] - [?] - [Executed DbCommand (30ms) [Parameters=[@__normalizedName_0='?' (Size = 256)], CommandType='Text', CommandTimeout='30']
SELECT TOP(1) [a].[Id], [a].[ConcurrencyStamp], [a].[Name], [a].[NormalizedName]
FROM [AspNetRoles] AS [a]
WHERE [a].[NormalizedName] = @__normalizedName_0]
[INFO] - [1] - [?] - [Now listening on: https://localhost:7266]
[INFO] - [1] - [?] - [Now listening on: http://localhost:5272]
[INFO] - [1] - [Microsoft.Extensions.Hosting.Internal.ConsoleLifetime.OnApplicationStarted(:0)] - [Application started. Press Ctrl+C to shut down.]
[INFO] - [1] - [Microsoft.Extensions.Hosting.Internal.ConsoleLifetime.OnApplicationStarted(:0)] - [Hosting environment: Development]
[INFO] - [1] - [System.Threading.CancellationTokenSource.Invoke(:0)] - [Content root path: C:\Users\OPL-PC\Desktop\SimpleBlog\SimpleBlog\SimpleBlog.Presentation]
[INFO] - [14] - [?] - [Executed DbCommand (10ms) [Parameters=[@__p_0='?' (DbType = Int32)], CommandType='Text', CommandTimeout='30']
SELECT TOP(1) [a].[Id], [a].[AccessFailedCount], [a].[ConcurrencyStamp], [a].[Email], [a].[EmailConfirmed], [a].[LockoutEnabled], [a].[LockoutEnd], [a].[Name], [a].[NormalizedEmail], [a].[NormalizedUserName], [a].[PasswordHash], [a].[PhoneNumber], [a].[PhoneNumberConfirmed], [a].[Role], [a].[SecurityStamp], [a].[TwoFactorEnabled], [a].[UserName]
FROM [AspNetUsers] AS [a]
WHERE [a].[Id] = @__p_0]
[INFO] - [5] - [?] - [Executed DbCommand (2ms) [Parameters=[@__user_Id_0='?' (DbType = Int32)], CommandType='Text', CommandTimeout='30']
SELECT [a].[Id], [a].[ClaimType], [a].[ClaimValue], [a].[UserId]
FROM [AspNetUserClaims] AS [a]
WHERE [a].[UserId] = @__user_Id_0]
[INFO] - [5] - [?] - [Executed DbCommand (3ms) [Parameters=[@__userId_0='?' (DbType = Int32)], CommandType='Text', CommandTimeout='30']
SELECT [a0].[Name]
FROM [AspNetUserRoles] AS [a]
INNER JOIN [AspNetRoles] AS [a0] ON [a].[RoleId] = [a0].[Id]
WHERE [a].[UserId] = @__userId_0]
[INFO] - [5] - [?] - [Executed DbCommand (0ms) [Parameters=[@__normalizedName_0='?' (Size = 256)], CommandType='Text', CommandTimeout='30']
SELECT TOP(1) [a].[Id], [a].[ConcurrencyStamp], [a].[Name], [a].[NormalizedName]
FROM [AspNetRoles] AS [a]
WHERE [a].[NormalizedName] = @__normalizedName_0]
[INFO] - [5] - [?] - [Executed DbCommand (1ms) [Parameters=[@__role_Id_0='?' (DbType = Int32)], CommandType='Text', CommandTimeout='30']
SELECT [a].[ClaimType], [a].[ClaimValue]
FROM [AspNetRoleClaims] AS [a]
WHERE [a].[RoleId] = @__role_Id_0]
[ERROR] - [5] - [SimpleBlog.Presentation.Areas.User.Controllers.HomeController.Index(C:\Users\OPL-PC\Desktop\SimpleBlog\SimpleBlog\SimpleBlog.Presentation\Areas\User\Controllers\HomeController.cs:28)] - [Hello]
System.IO.IOException: Hello
   at SimpleBlog.Presentation.Areas.User.Controllers.HomeController.Index(Nullable`1 pageNo) in C:\Users\OPL-PC\Desktop\SimpleBlog\SimpleBlog\SimpleBlog.Presentation\Areas\User\Controllers\HomeController.cs:line 28
